\BOOKMARK [1][-]{section.1}{\376\377\000I\000n\000t\000r\000o\000d\000u\000c\000t\000i\000o\000n}{}% 1
\BOOKMARK [2][-]{subsection.1.1}{\376\377\000P\000r\000o\000j\000e\000c\000t\000\040\000G\000o\000a\000l}{section.1}% 2
\BOOKMARK [2][-]{subsection.1.2}{\376\377\000S\000c\000o\000p\000e\000\040\000o\000f\000\040\000T\000h\000i\000s\000\040\000R\000e\000p\000o\000r\000t}{section.1}% 3
\BOOKMARK [1][-]{section.2}{\376\377\000B\000a\000c\000k\000g\000r\000o\000u\000n\000d\000\040\000a\000n\000d\000\040\000R\000e\000l\000a\000t\000e\000d\000\040\000W\000o\000r\000k}{}% 4
\BOOKMARK [2][-]{subsection.2.1}{\376\377\000W\000h\000i\000s\000p\000e\000r}{section.2}% 5
\BOOKMARK [2][-]{subsection.2.2}{\376\377\000S\000p\000e\000c\000t\000r\000o\000-\000t\000e\000m\000p\000o\000r\000a\000l\000\040\000F\000e\000a\000t\000u\000r\000e\000s}{section.2}% 6
\BOOKMARK [2][-]{subsection.2.3}{\376\377\000A\000u\000d\000i\000o\000\040\000C\000o\000m\000p\000r\000e\000s\000s\000i\000o\000n}{section.2}% 7
\BOOKMARK [1][-]{section.3}{\376\377\000S\000y\000s\000t\000e\000m\000\040\000D\000e\000s\000i\000g\000n}{}% 8
\BOOKMARK [1][-]{section.4}{\376\377\000A\000c\000c\000o\000m\000p\000l\000i\000s\000h\000m\000e\000n\000t\000s\000\040\000t\000o\000\040\000D\000a\000t\000e}{}% 9
\BOOKMARK [1][-]{section.5}{\376\377\000F\000u\000t\000u\000r\000e\000\040\000S\000t\000e\000p\000s}{}% 10
\BOOKMARK [1][-]{section.6}{\376\377\000C\000h\000a\000l\000l\000e\000n\000g\000e\000s\000\040\000a\000n\000d\000\040\000R\000e\000m\000e\000d\000i\000e\000s}{}% 11
\BOOKMARK [2][-]{subsection.6.1}{\376\377\000F\000F\000m\000p\000e\000g\000\040\000d\000e\000p\000e\000n\000d\000e\000n\000c\000y}{section.6}% 12
\BOOKMARK [2][-]{subsection.6.2}{\376\377\000W\000h\000i\000s\000p\000e\000r\000\040\000m\000o\000d\000e\000l\000\040\000s\000i\000z\000e\000\040\000v\000s\000.\000\040\000m\000e\000m\000o\000r\000y}{section.6}% 13
\BOOKMARK [2][-]{subsection.6.3}{\376\377\000R\000o\000u\000n\000d\000-\000t\000r\000i\000p\000\040\000f\000r\000a\000m\000e\000-\000c\000o\000u\000n\000t\000\040\000m\000i\000s\000m\000a\000t\000c\000h}{section.6}% 14
\BOOKMARK [2][-]{subsection.6.4}{\376\377\000R\000e\000p\000r\000o\000d\000u\000c\000i\000b\000i\000l\000i\000t\000y}{section.6}% 15
\BOOKMARK [2][-]{subsection.6.5}{\376\377\000D\000e\000v\000i\000a\000t\000i\000o\000n\000s\000\040\000f\000r\000o\000m\000\040\000t\000h\000e\000\040\000o\000r\000i\000g\000i\000n\000a\000l\000\040\000p\000l\000a\000n}{section.6}% 16
\BOOKMARK [1][-]{section.7}{\376\377\000S\000u\000p\000p\000o\000r\000t\000i\000n\000g\000\040\000D\000a\000t\000a\000\040\000a\000n\000d\000\040\000E\000a\000r\000l\000y\000\040\000R\000e\000s\000u\000l\000t\000s}{}% 17
\BOOKMARK [2][-]{subsection.7.1}{\376\377\000V\000i\000s\000u\000a\000l\000i\000s\000a\000t\000i\000o\000n\000\040\000O\000u\000t\000p\000u\000t}{section.7}% 18
\BOOKMARK [2][-]{subsection.7.2}{\376\377\000C\000o\000m\000p\000r\000e\000s\000s\000i\000o\000n\000\040\000B\000e\000n\000c\000h\000m\000a\000r\000k}{section.7}% 19
\BOOKMARK [2][-]{subsection.7.3}{\376\377\000R\000e\000p\000r\000o\000d\000u\000c\000i\000b\000i\000l\000i\000t\000y}{section.7}% 20
\BOOKMARK [1][-]{section.8}{\376\377\000C\000o\000n\000c\000l\000u\000s\000i\000o\000n}{}% 21
